[pxtrez.com/index.html]
[pxtrez.com/cheatnetwork_logo.png]
[backblue.gif]
[fade.gif]
[index.html]
[cdn.jsdelivr.net/npm/katex@0.15.1/dist/katex.min.css]
[cdn.jsdelivr.net/npm/katex@0.15.1/dist/katex.min.js]
[cdn.jsdelivr.net/npm/katex@0.15.1/dist/contrib/auto-render.min.js]
[cdn.jsdelivr.net/npm/@mdi/font@latest/css/materialdesignicons.min.css]
[pagead2.googlesyndication.com/pagead/js/f7b22.txt]
[pxtrez.com/cheatnetwork.png]
[d33wubrfki0l68.cloudfront.net/bundles/f0ddfff54f9e324e09b17186b334b6bdf44b931c.css]
[pxtrez.com/js/app.3989dbe0.js]
[pxtrez.com/js/chunk-vendors.3403daa5.js]
[d33wubrfki0l68.cloudfront.net/bundles/30c7dceda1c274506e9ff16600df9d7b142a7171.css]
[pxtrez.com/cdn-cgi/challenge-platform/h/g/scripts/invisible.js]
[pxtrez.com/index.html]
[d33wubrfki0l68.cloudfront.net/bundles/6c0dcef80b76cbe65128af07414049b7dc76f199.js]
[cdn.jsdelivr.net/npm/katex@0.15.1/dist/fonts/KaTeX_AMS-Regular.woff2]
[cdn.jsdelivr.net/npm/katex@0.15.1/dist/fonts/KaTeX_AMS-Regular.woff]
[cdn.jsdelivr.net/npm/katex@0.15.1/dist/fonts/KaTeX_AMS-Regular.ttf]
[cdn.jsdelivr.net/npm/katex@0.15.1/dist/fonts/KaTeX_Caligraphic-Bold.woff2]
[cdn.jsdelivr.net/npm/katex@0.15.1/dist/fonts/KaTeX_Caligraphic-Bold.woff]
[cdn.jsdelivr.net/npm/katex@0.15.1/dist/fonts/KaTeX_Caligraphic-Bold.ttf]
[cdn.jsdelivr.net/npm/katex@0.15.1/dist/fonts/KaTeX_Caligraphic-Regular.woff2]
[cdn.jsdelivr.net/npm/katex@0.15.1/dist/fonts/KaTeX_Caligraphic-Regular.woff]
[cdn.jsdelivr.net/npm/katex@0.15.1/dist/fonts/KaTeX_Caligraphic-Regular.ttf]
[cdn.jsdelivr.net/npm/katex@0.15.1/dist/fonts/KaTeX_Fraktur-Bold.woff2]
[cdn.jsdelivr.net/npm/katex@0.15.1/dist/fonts/KaTeX_Fraktur-Bold.woff]
[cdn.jsdelivr.net/npm/katex@0.15.1/dist/fonts/KaTeX_Fraktur-Bold.ttf]
[cdn.jsdelivr.net/npm/katex@0.15.1/dist/fonts/KaTeX_Fraktur-Regular.woff2]
[cdn.jsdelivr.net/npm/katex@0.15.1/dist/fonts/KaTeX_Fraktur-Regular.woff]
[cdn.jsdelivr.net/npm/katex@0.15.1/dist/fonts/KaTeX_Fraktur-Regular.ttf]
[cdn.jsdelivr.net/npm/katex@0.15.1/dist/fonts/KaTeX_Main-Bold.woff2]
[cdn.jsdelivr.net/npm/katex@0.15.1/dist/fonts/KaTeX_Main-Bold.woff]
[cdn.jsdelivr.net/npm/katex@0.15.1/dist/fonts/KaTeX_Main-Bold.ttf]
[cdn.jsdelivr.net/npm/katex@0.15.1/dist/fonts/KaTeX_Main-BoldItalic.woff2]
[cdn.jsdelivr.net/npm/katex@0.15.1/dist/fonts/KaTeX_Main-BoldItalic.woff]
[cdn.jsdelivr.net/npm/katex@0.15.1/dist/fonts/KaTeX_Main-BoldItalic.ttf]
[cdn.jsdelivr.net/npm/katex@0.15.1/dist/fonts/KaTeX_Main-Italic.woff2]
[cdn.jsdelivr.net/npm/katex@0.15.1/dist/fonts/KaTeX_Main-Italic.woff]
[cdn.jsdelivr.net/npm/katex@0.15.1/dist/fonts/KaTeX_Main-Italic.ttf]
[cdn.jsdelivr.net/npm/katex@0.15.1/dist/fonts/KaTeX_Main-Regular.woff2]
[cdn.jsdelivr.net/npm/katex@0.15.1/dist/fonts/KaTeX_Main-Regular.woff]
[cdn.jsdelivr.net/npm/katex@0.15.1/dist/fonts/KaTeX_Main-Regular.ttf]
[cdn.jsdelivr.net/npm/katex@0.15.1/dist/fonts/KaTeX_Math-BoldItalic.woff2]
[cdn.jsdelivr.net/npm/katex@0.15.1/dist/fonts/KaTeX_Math-BoldItalic.woff]
[cdn.jsdelivr.net/npm/katex@0.15.1/dist/fonts/KaTeX_Math-BoldItalic.ttf]
[cdn.jsdelivr.net/npm/katex@0.15.1/dist/fonts/KaTeX_Math-Italic.woff2]
[cdn.jsdelivr.net/npm/katex@0.15.1/dist/fonts/KaTeX_Math-Italic.woff]
[cdn.jsdelivr.net/npm/katex@0.15.1/dist/fonts/KaTeX_Math-Italic.ttf]
[cdn.jsdelivr.net/npm/katex@0.15.1/dist/fonts/KaTeX_SansSerif-Bold.woff2]
[cdn.jsdelivr.net/npm/katex@0.15.1/dist/fonts/KaTeX_SansSerif-Bold.woff]
[cdn.jsdelivr.net/npm/katex@0.15.1/dist/fonts/KaTeX_SansSerif-Bold.ttf]
[cdn.jsdelivr.net/npm/katex@0.15.1/dist/fonts/KaTeX_SansSerif-Italic.woff2]
[cdn.jsdelivr.net/npm/katex@0.15.1/dist/fonts/KaTeX_SansSerif-Italic.woff]
[cdn.jsdelivr.net/npm/katex@0.15.1/dist/fonts/KaTeX_SansSerif-Italic.ttf]
[cdn.jsdelivr.net/npm/katex@0.15.1/dist/fonts/KaTeX_SansSerif-Regular.woff2]
[cdn.jsdelivr.net/npm/katex@0.15.1/dist/fonts/KaTeX_SansSerif-Regular.woff]
[cdn.jsdelivr.net/npm/katex@0.15.1/dist/fonts/KaTeX_SansSerif-Regular.ttf]
[cdn.jsdelivr.net/npm/katex@0.15.1/dist/fonts/KaTeX_Script-Regular.woff2]
[cdn.jsdelivr.net/npm/katex@0.15.1/dist/fonts/KaTeX_Script-Regular.woff]
[cdn.jsdelivr.net/npm/katex@0.15.1/dist/fonts/KaTeX_Script-Regular.ttf]
[cdn.jsdelivr.net/npm/katex@0.15.1/dist/fonts/KaTeX_Size1-Regular.woff2]
[cdn.jsdelivr.net/npm/katex@0.15.1/dist/fonts/KaTeX_Size1-Regular.woff]
[cdn.jsdelivr.net/npm/katex@0.15.1/dist/fonts/KaTeX_Size1-Regular.ttf]
[cdn.jsdelivr.net/npm/katex@0.15.1/dist/fonts/KaTeX_Size2-Regular.woff2]
[cdn.jsdelivr.net/npm/katex@0.15.1/dist/fonts/KaTeX_Size2-Regular.woff]
[cdn.jsdelivr.net/npm/katex@0.15.1/dist/fonts/KaTeX_Size2-Regular.ttf]
[cdn.jsdelivr.net/npm/katex@0.15.1/dist/fonts/KaTeX_Size3-Regular.woff2]
[cdn.jsdelivr.net/npm/katex@0.15.1/dist/fonts/KaTeX_Size3-Regular.woff]
[cdn.jsdelivr.net/npm/katex@0.15.1/dist/fonts/KaTeX_Size3-Regular.ttf]
[cdn.jsdelivr.net/npm/katex@0.15.1/dist/fonts/KaTeX_Size4-Regular.woff2]
[cdn.jsdelivr.net/npm/katex@0.15.1/dist/fonts/KaTeX_Size4-Regular.woff]
[cdn.jsdelivr.net/npm/katex@0.15.1/dist/fonts/KaTeX_Size4-Regular.ttf]
[cdn.jsdelivr.net/npm/katex@0.15.1/dist/fonts/KaTeX_Typewriter-Regular.woff2]
[cdn.jsdelivr.net/npm/katex@0.15.1/dist/fonts/KaTeX_Typewriter-Regular.woff]
[cdn.jsdelivr.net/npm/katex@0.15.1/dist/katex.min.css]
[cdn.jsdelivr.net/npm/katex@0.15.1/dist/fonts/KaTeX_Typewriter-Regular.ttf]
[cdn.jsdelivr.net/npm/@mdi/font@latest/css/materialdesignicons.min.css]
[pxtrez.com/cheatnetwork.html]
[d33wubrfki0l68.cloudfront.net/bundles/f0ddfff54f9e324e09b17186b334b6bdf44b931c.css]
[d33wubrfki0l68.cloudfront.net/bundles/30c7dceda1c274506e9ff16600df9d7b142a7171.css]
